// Jest Snapshot v1, https://goo.gl/fbAQLP

exports[`MovieCard - Coverage Renders correctly 1`] = `
<View
  style={
    [
      {
        "justifyContent": "flex-start",
        "marginBottom": 16,
      },
      {
        "flexDirection": "row",
      },
    ]
  }
  testID="MovieCard"
>
  <View
    style={false}
    testID="MoviePoster"
  >
    <View
      style={
        [
          {
            "height": 170,
            "position": "relative",
            "width": 110,
          },
          false,
        ]
      }
    >
      <View
        accessibilityState={
          {
            "busy": undefined,
            "checked": undefined,
            "disabled": undefined,
            "expanded": undefined,
            "selected": undefined,
          }
        }
        accessibilityValue={
          {
            "max": undefined,
            "min": undefined,
            "now": undefined,
            "text": undefined,
          }
        }
        accessible={true}
        collapsable={false}
        focusable={true}
        onClick={[Function]}
        onResponderGrant={[Function]}
        onResponderMove={[Function]}
        onResponderRelease={[Function]}
        onResponderTerminate={[Function]}
        onResponderTerminationRequest={[Function]}
        onStartShouldSetResponder={[Function]}
        style={
          {
            "backgroundColor": "#ffffff",
            "borderRadius": 100,
            "opacity": 1,
            "padding": 6,
            "position": "absolute",
            "right": 6,
            "top": 6,
            "zIndex": 10,
          }
        }
      />
      <Image
        resizeMode="cover"
        source={
          {
            "uri": "https://image.tmdb.org/t/p/w440_and_h660_face/ngl2FKBlU4fhbdsrtdom9LVLBXw.jpg",
          }
        }
        style={
          [
            {
              "borderRadius": 8,
              "height": 170,
              "width": 110,
            },
            false,
          ]
        }
      />
    </View>
  </View>
  <View
    style={
      {
        "alignItems": "flex-start",
        "flex": 1,
        "flexDirection": "column",
        "padding": 16,
        "paddingRight": 0,
      }
    }
    testID="MoviDetail"
  >
    <Text
      style={
        {
          "color": "#000000",
          "fontSize": 14,
          "fontWeight": "400",
          "marginBottom": 8,
        }
      }
    >
      Ant-Man and the Wasp: Quantumania
    </Text>
    <Text
      style={
        {
          "color": "#757575",
          "fontSize": 14,
          "marginBottom": 5,
        }
      }
    />
    <Text
      style={
        {
          "color": "#757575",
          "fontSize": 14,
          "marginBottom": 5,
        }
      }
    >
      2023
    </Text>
  </View>
</View>
`;
